------------------------------------------------------------
Timing Analyzer Summary
------------------------------------------------------------

Type  : Slow 1200mV 85C Model Setup 'comb_3|altpll_component|auto_generated|pll1|clk[0]'
Slack : -6.794
TNS   : -6.794

Type  : Slow 1200mV 85C Model Setup 'KEY[0]'
Slack : -2.744
TNS   : -38.038

Type  : Slow 1200mV 85C Model Hold 'comb_3|altpll_component|auto_generated|pll1|clk[0]'
Slack : 0.424
TNS   : 0.000

Type  : Slow 1200mV 85C Model Hold 'KEY[0]'
Slack : 0.581
TNS   : 0.000

Type  : Slow 1200mV 85C Model Minimum Pulse Width 'KEY[0]'
Slack : -3.000
TNS   : -22.776

Type  : Slow 1200mV 85C Model Minimum Pulse Width 'MAX10_CLK1_50'
Slack : 9.777
TNS   : 0.000

Type  : Slow 1200mV 85C Model Minimum Pulse Width 'comb_3|altpll_component|auto_generated|pll1|clk[0]'
Slack : 19.756
TNS   : 0.000

Type  : Slow 1200mV 0C Model Setup 'comb_3|altpll_component|auto_generated|pll1|clk[0]'
Slack : -5.754
TNS   : -5.754

Type  : Slow 1200mV 0C Model Setup 'KEY[0]'
Slack : -2.415
TNS   : -33.111

Type  : Slow 1200mV 0C Model Hold 'comb_3|altpll_component|auto_generated|pll1|clk[0]'
Slack : 0.351
TNS   : 0.000

Type  : Slow 1200mV 0C Model Hold 'KEY[0]'
Slack : 0.532
TNS   : 0.000

Type  : Slow 1200mV 0C Model Minimum Pulse Width 'KEY[0]'
Slack : -3.000
TNS   : -22.552

Type  : Slow 1200mV 0C Model Minimum Pulse Width 'MAX10_CLK1_50'
Slack : 9.784
TNS   : 0.000

Type  : Slow 1200mV 0C Model Minimum Pulse Width 'comb_3|altpll_component|auto_generated|pll1|clk[0]'
Slack : 19.712
TNS   : 0.000

Type  : Fast 1200mV 0C Model Setup 'comb_3|altpll_component|auto_generated|pll1|clk[0]'
Slack : -3.273
TNS   : -3.273

Type  : Fast 1200mV 0C Model Setup 'KEY[0]'
Slack : -0.774
TNS   : -9.713

Type  : Fast 1200mV 0C Model Hold 'comb_3|altpll_component|auto_generated|pll1|clk[0]'
Slack : 0.209
TNS   : 0.000

Type  : Fast 1200mV 0C Model Hold 'KEY[0]'
Slack : 0.263
TNS   : 0.000

Type  : Fast 1200mV 0C Model Minimum Pulse Width 'KEY[0]'
Slack : -3.000
TNS   : -24.744

Type  : Fast 1200mV 0C Model Minimum Pulse Width 'MAX10_CLK1_50'
Slack : 9.530
TNS   : 0.000

Type  : Fast 1200mV 0C Model Minimum Pulse Width 'comb_3|altpll_component|auto_generated|pll1|clk[0]'
Slack : 19.799
TNS   : 0.000

------------------------------------------------------------
