------------------------------------------------------------
Timing Analyzer Summary
------------------------------------------------------------

Type  : Slow 1200mV 85C Model Setup 'comb_3|altpll_component|auto_generated|pll1|clk[0]'
Slack : -6.432
TNS   : -6.432

Type  : Slow 1200mV 85C Model Setup 'KEY[0]'
Slack : -2.537
TNS   : -35.210

Type  : Slow 1200mV 85C Model Hold 'comb_3|altpll_component|auto_generated|pll1|clk[0]'
Slack : 0.425
TNS   : 0.000

Type  : Slow 1200mV 85C Model Hold 'KEY[0]'
Slack : 0.599
TNS   : 0.000

Type  : Slow 1200mV 85C Model Minimum Pulse Width 'KEY[0]'
Slack : -3.000
TNS   : -22.840

Type  : Slow 1200mV 85C Model Minimum Pulse Width 'MAX10_CLK1_50'
Slack : 9.777
TNS   : 0.000

Type  : Slow 1200mV 85C Model Minimum Pulse Width 'comb_3|altpll_component|auto_generated|pll1|clk[0]'
Slack : 19.757
TNS   : 0.000

Type  : Slow 1200mV 0C Model Setup 'comb_3|altpll_component|auto_generated|pll1|clk[0]'
Slack : -5.409
TNS   : -5.409

Type  : Slow 1200mV 0C Model Setup 'KEY[0]'
Slack : -2.221
TNS   : -30.695

Type  : Slow 1200mV 0C Model Hold 'comb_3|altpll_component|auto_generated|pll1|clk[0]'
Slack : 0.351
TNS   : 0.000

Type  : Slow 1200mV 0C Model Hold 'KEY[0]'
Slack : 0.547
TNS   : 0.000

Type  : Slow 1200mV 0C Model Minimum Pulse Width 'KEY[0]'
Slack : -3.000
TNS   : -22.552

Type  : Slow 1200mV 0C Model Minimum Pulse Width 'MAX10_CLK1_50'
Slack : 9.784
TNS   : 0.000

Type  : Slow 1200mV 0C Model Minimum Pulse Width 'comb_3|altpll_component|auto_generated|pll1|clk[0]'
Slack : 19.713
TNS   : 0.000

Type  : Fast 1200mV 0C Model Setup 'comb_3|altpll_component|auto_generated|pll1|clk[0]'
Slack : -3.124
TNS   : -3.124

Type  : Fast 1200mV 0C Model Setup 'KEY[0]'
Slack : -0.668
TNS   : -8.027

Type  : Fast 1200mV 0C Model Hold 'comb_3|altpll_component|auto_generated|pll1|clk[0]'
Slack : 0.209
TNS   : 0.000

Type  : Fast 1200mV 0C Model Hold 'KEY[0]'
Slack : 0.272
TNS   : 0.000

Type  : Fast 1200mV 0C Model Minimum Pulse Width 'KEY[0]'
Slack : -3.000
TNS   : -24.968

Type  : Fast 1200mV 0C Model Minimum Pulse Width 'MAX10_CLK1_50'
Slack : 9.530
TNS   : 0.000

Type  : Fast 1200mV 0C Model Minimum Pulse Width 'comb_3|altpll_component|auto_generated|pll1|clk[0]'
Slack : 19.772
TNS   : 0.000

------------------------------------------------------------
