------------------------------------------------------------
Timing Analyzer Summary
------------------------------------------------------------

Type  : Slow 1200mV 85C Model Setup 'comb_3|altpll_component|auto_generated|pll1|clk[0]'
Slack : 35.500
TNS   : 0.000

Type  : Slow 1200mV 85C Model Hold 'comb_3|altpll_component|auto_generated|pll1|clk[0]'
Slack : 0.469
TNS   : 0.000

Type  : Slow 1200mV 85C Model Minimum Pulse Width 'MAX10_CLK1_50'
Slack : 9.777
TNS   : 0.000

Type  : Slow 1200mV 85C Model Minimum Pulse Width 'comb_3|altpll_component|auto_generated|pll1|clk[0]'
Slack : 19.761
TNS   : 0.000

Type  : Slow 1200mV 0C Model Setup 'comb_3|altpll_component|auto_generated|pll1|clk[0]'
Slack : 35.909
TNS   : 0.000

Type  : Slow 1200mV 0C Model Hold 'comb_3|altpll_component|auto_generated|pll1|clk[0]'
Slack : 0.397
TNS   : 0.000

Type  : Slow 1200mV 0C Model Minimum Pulse Width 'MAX10_CLK1_50'
Slack : 9.784
TNS   : 0.000

Type  : Slow 1200mV 0C Model Minimum Pulse Width 'comb_3|altpll_component|auto_generated|pll1|clk[0]'
Slack : 19.716
TNS   : 0.000

Type  : Fast 1200mV 0C Model Setup 'comb_3|altpll_component|auto_generated|pll1|clk[0]'
Slack : 37.790
TNS   : 0.000

Type  : Fast 1200mV 0C Model Hold 'comb_3|altpll_component|auto_generated|pll1|clk[0]'
Slack : 0.223
TNS   : 0.000

Type  : Fast 1200mV 0C Model Minimum Pulse Width 'MAX10_CLK1_50'
Slack : 9.530
TNS   : 0.000

Type  : Fast 1200mV 0C Model Minimum Pulse Width 'comb_3|altpll_component|auto_generated|pll1|clk[0]'
Slack : 19.804
TNS   : 0.000

------------------------------------------------------------
